2025-03-07 14:50:15,255 - INFO - ######################################################
2025-03-07 14:50:15,256 - INFO - Starting tenant tenant_chicago pipeline execution ...
2025-03-07 14:50:15,287 - INFO - Files:
2025-03-07 14:50:15,302 - INFO - * sample0.csv - 2.06 MB
2025-03-07 14:50:15,313 - INFO - * sample1.csv - 2.06 MB
2025-03-07 14:50:15,325 - INFO - * sample2.csv - 2.07 MB
2025-03-07 14:50:15,337 - INFO - * sample3.csv - 2.07 MB
2025-03-07 14:50:15,349 - INFO - * sample4.csv - 2.06 MB
2025-03-07 14:50:15,361 - INFO - * sample5.csv - 2.07 MB
2025-03-07 14:50:15,372 - INFO - * sample6.csv - 2.07 MB
2025-03-07 14:50:15,383 - INFO - * sample7.csv - 2.07 MB
2025-03-07 14:50:15,393 - INFO - * sample8.csv - 2.06 MB
2025-03-07 14:50:15,403 - INFO - * sample9.csv - 2.07 MB
2025-03-07 14:50:15,404 - INFO - Statistics:
  *  Amount of files in tenant's staging input directory: 10
  *  Combined Storage Used: 20.66 /50.0 MB
2025-03-07 14:50:15,404 - INFO - Ingesting sample0.csv
2025-03-07 14:50:55,451 - INFO - Ingested sample0.csv. Time taken: 40.02s. Deleted from staging dir.
2025-03-07 14:50:55,453 - INFO - Ingesting sample1.csv
2025-03-07 14:51:37,795 - INFO - Ingested sample1.csv. Time taken: 42.31s. Deleted from staging dir.
2025-03-07 14:51:37,796 - INFO - Ingesting sample2.csv
2025-03-07 14:52:19,463 - INFO - Ingested sample2.csv. Time taken: 41.63s. Deleted from staging dir.
2025-03-07 14:52:19,464 - INFO - Ingesting sample3.csv
2025-03-07 14:52:55,061 - INFO - Ingested sample3.csv. Time taken: 35.56s. Deleted from staging dir.
2025-03-07 14:52:55,061 - INFO - Ingesting sample4.csv
2025-03-07 14:53:28,054 - INFO - Ingested sample4.csv. Time taken: 32.96s. Deleted from staging dir.
2025-03-07 14:53:28,055 - INFO - Ingesting sample5.csv
2025-03-07 14:54:01,673 - INFO - Ingested sample5.csv. Time taken: 33.60s. Deleted from staging dir.
2025-03-07 14:54:01,673 - INFO - Ingesting sample6.csv
2025-03-07 14:54:39,818 - INFO - Ingested sample6.csv. Time taken: 38.11s. Deleted from staging dir.
2025-03-07 14:54:39,819 - INFO - Ingesting sample7.csv
2025-03-07 14:55:30,368 - INFO - Ingested sample7.csv. Time taken: 50.51s. Deleted from staging dir.
2025-03-07 14:55:30,371 - INFO - Ingesting sample8.csv
2025-03-07 14:56:08,180 - INFO - Ingested sample8.csv. Time taken: 37.77s. Deleted from staging dir.
2025-03-07 14:56:08,180 - INFO - Ingesting sample9.csv
2025-03-07 14:56:39,544 - INFO - Ingested sample9.csv. Time taken: 31.33s. Deleted from staging dir.
2025-03-07 14:56:39,545 - INFO - Ingestion ended, amount of files ingested: 10
2025-03-07 14:56:39,545 - INFO - --------------------------------
2025-03-07 14:56:39,545 - INFO - Total ingestion time: 384.14 s
2025-03-07 14:56:39,546 - INFO - Total ingestion size: 20.66 MB
2025-03-07 14:56:39,546 - INFO - Ingestion speed: 0.05 MB/s
