2025-03-07 15:11:59,729 - INFO - ######################################################
2025-03-07 15:11:59,730 - INFO - Starting tenant example_tenant_123 pipeline execution ...
2025-03-07 15:11:59,800 - INFO - Files:
2025-03-07 15:11:59,817 - INFO - * sample0.csv - 20.66 MB
2025-03-07 15:11:59,830 - INFO - * sample1.csv - 20.66 MB
2025-03-07 15:11:59,846 - INFO - * sample2.csv - 20.66 MB
2025-03-07 15:11:59,861 - INFO - * sample3.csv - 20.65 MB
2025-03-07 15:11:59,874 - INFO - * sample4.csv - 20.66 MB
2025-03-07 15:11:59,887 - INFO - * sample5.csv - 2.07 MB
2025-03-07 15:11:59,898 - INFO - * sample6.csv - 2.07 MB
2025-03-07 15:11:59,908 - INFO - * sample7.csv - 2.07 MB
2025-03-07 15:11:59,919 - INFO - * sample8.csv - 2.06 MB
2025-03-07 15:11:59,930 - INFO - * sample9.csv - 2.07 MB
2025-03-07 15:11:59,930 - INFO - Statistics:
  *  Amount of files in tenant's staging input directory: 10
  *  Combined Storage Used: 113.63 /50.0 MB
2025-03-07 15:11:59,931 - WARNING - Tenant Service Agreement limit reached: storage limit exceeded
2025-03-07 15:11:59,931 - WARNING - Storage used: 113.625373 MB
2025-03-07 15:11:59,931 - WARNING - Storage limit: 50.0 MB
2025-03-07 15:11:59,931 - WARNING - Remove exceeding files to start ingestion.
2025-03-07 15:11:59,931 - INFO - --------------------------------
2025-03-07 15:11:59,931 - INFO - Total ingestion time: 0.00 s
2025-03-07 15:11:59,931 - INFO - Total ingestion size: 0.00 MB
2025-03-07 15:11:59,931 - INFO - Checking for new files after 60 seconds ...
2025-03-07 15:12:59,981 - INFO - ######################################################
2025-03-07 15:12:59,981 - INFO - Starting tenant example_tenant_123 pipeline execution ...
2025-03-07 15:13:00,041 - INFO - Files:
2025-03-07 15:13:00,057 - INFO - * sample0.csv - 20.66 MB
2025-03-07 15:13:00,057 - INFO - Statistics:
  *  Amount of files in tenant's staging input directory: 1
  *  Combined Storage Used: 20.66 /50.0 MB
2025-03-07 15:13:00,057 - INFO - Ingesting sample0.csv
2025-03-07 15:13:58,377 - INFO - Ingested sample0.csv. Time taken: 58.29s. Deleted from staging dir.
2025-03-07 15:13:58,378 - INFO - Ingestion ended, amount of files ingested: 1
2025-03-07 15:13:58,378 - INFO - --------------------------------
2025-03-07 15:13:58,378 - INFO - Total ingestion time: 58.32 s
2025-03-07 15:13:58,378 - INFO - Total ingestion size: 20.66 MB
2025-03-07 15:13:58,379 - INFO - Ingestion speed: 0.35 MB/s
2025-03-07 15:13:58,379 - INFO - Ingestion ended, amount of files ingested: 10
