commit 2ca568cb73e868b760a555fe37f5906a17cac3f6
Author: Ilmari Hämäläinen <ilmari.hamalainen@aalto.fi>
Date:   Fri Feb 7 10:33:14 2025 +0200

    add code source info

commit 1687bfab7b4febd67d03be62ae441c8862f2322b
Author: Ilmari Hämäläinen <ilmari.hamalainen@aalto.fi>
Date:   Fri Feb 7 10:28:10 2025 +0200

    add git log

commit 58cd585f7d733c96dfc9fd69f345528cad78f8ce
Author: Ilmari Hämäläinen <ilmari.hamalainen@aalto.fi>
Date:   Fri Feb 7 10:24:44 2025 +0200

    add self grading

commit fcfeedc81db72f3caf9427b3d98d5eb3bbfa3f4e
Author: Ilmari Hämäläinen <ilmari.hamalainen@aalto.fi>
Date:   Fri Feb 7 10:23:58 2025 +0200

    remove assignment description

commit 7524ba37b682d644d1438a290aa7f7cf0faf5dde
Author: Ilmari Hämäläinen <ilmari.hamalainen@aalto.fi>
Date:   Fri Feb 7 10:23:14 2025 +0200

    format answer

commit 359e0047035248ac3cb946b487176b17ca3f78d3
Author: Ilmari Hämäläinen <ilmari.hamalainen@aalto.fi>
Date:   Fri Feb 7 10:20:03 2025 +0200

    reformat

commit 58174c5538ffb504a70b8ddcaf1fd5fbd6c8fb3b
Author: Ilmari Hämäläinen <ilmari.hamalainen@aalto.fi>
Date:   Fri Feb 7 10:19:10 2025 +0200

    edit header size

commit f81bbb2e733d326e58a9fd3aebd99226243a6f4a
Author: Ilmari Hämäläinen <ilmari.hamalainen@aalto.fi>
Date:   Fri Feb 7 10:18:42 2025 +0200

    improve daas explanation

commit e2595601192433b6395196570f6ea31d316eb4f0
Author: Ilmari Hämäläinen <ilmari.hamalainen@aalto.fi>
Date:   Fri Feb 7 10:09:27 2025 +0200

    add more data service info

commit 1033837e1e374e34db8f8a56c2ba7ebc7c069bc3
Author: Ilmari Hämäläinen <ilmari.hamalainen@aalto.fi>
Date:   Fri Feb 7 10:05:17 2025 +0200

    format json

commit 3db557d8559ed85017ae23fab49d6cde068703b1
Author: Ilmari Hämäläinen <ilmari.hamalainen@aalto.fi>
Date:   Fri Feb 7 10:01:40 2025 +0200

    format json in md

commit 12004bab70ea16e84c6360b59d4b23925d6de2bd
Author: Ilmari Hämäläinen <ilmari.hamalainen@aalto.fi>
Date:   Fri Feb 7 09:54:18 2025 +0200

    edit report

commit bc7f4dd509a97cdfb300a2358680eb1eb790adaf
Author: Ilmari Hämäläinen <ilmari.hamalainen@aalto.fi>
Date:   Fri Feb 7 09:34:55 2025 +0200

    explain replication more

commit a54163dec0014b419534a4095a8627eb5e120eb1
Author: Ilmari Hämäläinen <ilmari.hamalainen@aalto.fi>
Date:   Fri Feb 7 09:21:59 2025 +0200

    add missing service info

commit 34bc07bc5478b5394d1dd15405d61f2b62c68b90
Author: Ilmari Hämäläinen <ilmari.hamalainen@aalto.fi>
Date:   Fri Feb 7 09:20:37 2025 +0200

    add example of analysis

commit 4652d31d9392e0cea8d4e8c62289ac124a13d5b4
Author: Ilmari Hämäläinen <ilmari.hamalainen@aalto.fi>
Date:   Fri Feb 7 09:16:56 2025 +0200

    add tenant number info

commit fb65b208b62d7bca4d7dee9a9063f39078b22b90
Author: Ilmari Hämäläinen <ilmari.hamalainen@aalto.fi>
Date:   Fri Feb 7 09:12:06 2025 +0200

    fix typo

commit 5b276edca825c51efc992295123ef0b5385d9033
Author: Ilmari Hämäläinen <ilmari.hamalainen@aalto.fi>
Date:   Fri Feb 7 09:10:20 2025 +0200

    remove redundant log

commit 8c691b4b40046a4aa02e048ca50e8d37b2bfb80c
Author: Ilmari Hämäläinen <ilmari.hamalainen@aalto.fi>
Date:   Fri Feb 7 09:09:13 2025 +0200

    edit listener to be localhost

commit 7ebd90f77189ecbcfadb37dbf3901ea6adab79b9
Author: Ilmari Hämäläinen <ilmari.hamalainen@aalto.fi>
Date:   Fri Feb 7 09:07:24 2025 +0200

    edit infos

commit 32fdb0eab5e26510c1768a99661e830893bd70b1
Author: Ilmari Hämäläinen <ilmari.hamalainen@aalto.fi>
Date:   Fri Feb 7 09:02:36 2025 +0200

    add tenant info

commit 9e05eaed928b08d23336afa16b10c22bb08b96be
Author: Ilmari Hämäläinen <ilmari.hamalainen@aalto.fi>
Date:   Fri Feb 7 09:00:12 2025 +0200

    edit deployment texts

commit 84e30d94cac29f68b4cd242486f3855720f6e4e2
Author: Ilmari Hämäläinen <ilmari.hamalainen@aalto.fi>
Date:   Fri Feb 7 08:52:55 2025 +0200

    add date parser to match with pandas version

commit d691a71683efb8fa502f10a189f1bbbbf9f5757c
Author: Ilmari Hämäläinen <ilmari.hamalainen@aalto.fi>
Date:   Thu Feb 6 20:40:30 2025 +0200

    add pandas to requirements

commit 64b55fc290394d8564965e8700fb8749755680fc
Author: Ilmari Hämäläinen <ilmari.hamalainen@aalto.fi>
Date:   Thu Feb 6 20:40:13 2025 +0200

    add more instructions to create sample file

commit 44d955c174a2cda511d4c6f6294e165b59f031b8
Author: Ilmari Hämäläinen <ilmari.hamalainen@aalto.fi>
Date:   Thu Feb 6 20:40:00 2025 +0200

    edit info

commit c8b292e4c32c9c7abd96e36cde34ee633a900673
Author: Ilmari Hämäläinen <ilmari.hamalainen@aalto.fi>
Date:   Thu Feb 6 20:39:47 2025 +0200

    edit instructions

commit 4b377f1fdbd58047daa38d4c54e7bd083fb8cc7e
Author: Ilmari Hämäläinen <ilmari.hamalainen@aalto.fi>
Date:   Thu Feb 6 19:07:36 2025 +0200

    add log

commit d5fbd90333618030986c42cd9a4834f3c1272789
Author: Ilmari Hämäläinen <ilmari.hamalainen@aalto.fi>
Date:   Thu Feb 6 19:07:28 2025 +0200

    rename deployment

commit 3631b397c48707bbc1919ee814481bd7ecef6399
Author: Ilmari Hämäläinen <ilmari.hamalainen@aalto.fi>
Date:   Thu Feb 6 19:07:05 2025 +0200

    add example env

commit 181dd2e0be31d1567cc17112a36f862177d7bd96
Author: Ilmari Hämäläinen <ilmari.hamalainen@aalto.fi>
Date:   Thu Feb 6 19:06:47 2025 +0200

    edit report

commit 0448de6bb42782aef2463dac687d4e7e3c5944b2
Author: Ilmari Hämäläinen <ilmari.hamalainen@aalto.fi>
Date:   Thu Feb 6 19:06:34 2025 +0200

    add instructions

commit 116fc1f5799a7a39f91984a8747186f866d4f05c
Author: Ilmari Hämäläinen <ilmari.hamalainen@aalto.fi>
Date:   Thu Feb 6 19:05:57 2025 +0200

    add example env

commit bd278644e47da45245677261b59df27b39633852
Author: Ilmari Hämäläinen <ilmari.hamalainen@aalto.fi>
Date:   Thu Feb 6 19:05:38 2025 +0200

    add instructions on how to run the platform locally

commit 3fcb17ad6770cd22d89ab8565051824501c398eb
Author: Ilmari Hämäläinen <ilmari.hamalainen@aalto.fi>
Date:   Thu Feb 6 14:55:29 2025 +0200

    edit cassandra memory to fit local testing

commit 1bb5626f455ea2c8a477a8b983fd2c6373a4337e
Author: Ilmari Hämäläinen <ilmari.hamalainen@aalto.fi>
Date:   Thu Feb 6 14:55:15 2025 +0200

    create initial deployment info

commit 1326b7917a70b05455cad8d65f81e0d4c500c94a
Author: Ilmari Hämäläinen <ilmari.hamalainen@aalto.fi>
Date:   Thu Feb 6 14:55:02 2025 +0200

    add answers

commit 65c2e9209e517f05241ed9292f432b62d75458bc
Author: Ilmari Hämäläinen <ilmari.hamalainen@aalto.fi>
Date:   Thu Feb 6 13:22:56 2025 +0200

    add final data row sample

commit b5a43b684117834fe5d7faa0753c0c4e4a7879e8
Author: Ilmari Hämäläinen <ilmari.hamalainen@aalto.fi>
Date:   Thu Feb 6 13:01:59 2025 +0200

    modify answers

commit 992eb8da79f1e157ffb7fc51cb84b4cf609e6e11
Author: Ilmari Hämäläinen <ilmari.hamalainen@aalto.fi>
Date:   Thu Feb 6 10:59:52 2025 +0200

    modify part 1 answers

commit 56bdc325dc265529eee0765f6480938d324fbdd4
Author: Ilmari Hämäläinen <ilmari.hamalainen@aalto.fi>
Date:   Wed Feb 5 21:19:30 2025 +0200

    clean up, remove duplicate data from logs

commit a52bc3ec93a00bd3fa42f438ad531cb585f18922
Author: Ilmari Hämäläinen <ilmari.hamalainen@aalto.fi>
Date:   Wed Feb 5 21:19:07 2025 +0200

    edit sample data creator

commit 4badf6799c82da85ac96ab846dde15ab2f458510
Author: Ilmari Hämäläinen <ilmari.hamalainen@aalto.fi>
Date:   Wed Feb 5 21:18:49 2025 +0200

    add local docker network to cassandra docker compose

commit cbfe505820d709354c9d2e27e1940dd276aa0794
Author: Ilmari Hämäläinen <ilmari.hamalainen@aalto.fi>
Date:   Wed Feb 5 21:18:17 2025 +0200

    add answers, pictures

commit 2b2ef1362e79e001c1e8c353ebb3f7e0eea56c0d
Author: Ilmari Hämäläinen <ilmari.hamalainen@aalto.fi>
Date:   Wed Feb 5 21:18:01 2025 +0200

    add sample data to gitignore

commit 59dc037ca946ea2d0732e21dc3966f3ea1f9ada8
Merge: 36ba9af 22b7eba
Author: Ilmari Hämäläinen <ilmari.hamalainen@aalto.fi>
Date:   Wed Feb 5 20:05:05 2025 +0200

    Merge branch 'main' of github.com:hamalainenilmari/Big-Data-Platform into main

commit 36ba9afc6a0d1500b8bdafe798c76fbc3d332aed
Author: Ilmari Hämäläinen <ilmari.hamalainen@aalto.fi>
Date:   Wed Feb 5 20:02:53 2025 +0200

    remove test logs

commit 22b7ebad8d997b7a287b2250ac1e7bb26882daa3
Merge: dc5fa18 ff60564
Author: hamalainenilmari <118058700+hamalainenilmari@users.noreply.github.com>
Date:   Wed Feb 5 20:01:11 2025 +0200

    Merge pull request #1 from hamalainenilmari/logs
    
    add logs from dataingest VM

commit ff6056419769d7b1eba307d11836b3c02f31b64e
Author: bdp_dataingest_vm <no@mail.com>
Date:   Wed Feb 5 17:50:00 2025 +0000

    add logs from dataingest VM

commit dc5fa18424840e3c10363355f7fa81888b1e72fb
Author: Ilmari Hämäläinen <ilmari.hamalainen@aalto.fi>
Date:   Tue Feb 4 21:52:46 2025 +0200

    answer 3.4, add new architecture diagram

commit e605c50894edc7276f53dfbce6a1870c19afbd47
Author: Ilmari Hämäläinen <ilmari.hamalainen@aalto.fi>
Date:   Tue Feb 4 21:02:45 2025 +0200

    add answer to 3.2

commit 4b878effe322268d608ae3a93acf309a80087737
Author: Ilmari Hämäläinen <ilmari.hamalainen@aalto.fi>
Date:   Tue Feb 4 20:31:55 2025 +0200

    add dataingest component info

commit 6e634b52eb2a80b71358111f99634d23dbf84bf2
Author: Ilmari Hämäläinen <ilmari.hamalainen@aalto.fi>
Date:   Tue Feb 4 20:31:29 2025 +0200

    minor edits

commit 6a4c6e3ffaeb90125912f9c7f42b0e15384588b8
Author: Ilmari Hämäläinen <ilmari.hamalainen@aalto.fi>
Date:   Tue Feb 4 20:31:15 2025 +0200

    add answer to 3.1

commit 28cce233a328cfa96e594e701314d7c0228817de
Author: Ilmari Hämäläinen <ilmari.hamalainen@aalto.fi>
Date:   Tue Feb 4 11:28:02 2025 +0200

    edit kafka server to contain more brokers, add info

commit 7a1cde301366a2714514865db5180e99c148f10e
Author: Ilmari Hämäläinen <ilmari.hamalainen@aalto.fi>
Date:   Mon Feb 3 18:27:57 2025 +0200

    add logs

commit 95a424aee7e2519a377a83eb6fa4e0a73027f399
Author: Ilmari Hämäläinen <ilmari.hamalainen@aalto.fi>
Date:   Mon Feb 3 18:26:29 2025 +0200

    add performance testing logs

commit e21bb69de7f7c7324a0bfcc19bb20f9c04eb0812
Author: Ilmari Hämäläinen <ilmari.hamalainen@aalto.fi>
Date:   Mon Feb 3 18:25:57 2025 +0200

    edit sample data maker

commit 043966a3b7a11723403509ffe519490b5fc48dad
Author: Ilmari Hämäläinen <ilmari.hamalainen@aalto.fi>
Date:   Mon Feb 3 18:25:35 2025 +0200

    add comments

commit cfcc1178b43d1f8f3cfc7afd26cb647b60260940
Author: Ilmari Hämäläinen <ilmari.hamalainen@aalto.fi>
Date:   Mon Feb 3 18:25:10 2025 +0200

    edit shell scripts to end processes correctly

commit f619fc6ee3a8f00ccc10272c49fbbea8688d85e6
Author: Ilmari Hämäläinen <ilmari.hamalainen@aalto.fi>
Date:   Mon Feb 3 18:24:49 2025 +0200

    add compatibility for logging when using concurrent processes with shell

commit 04696530da616288f1982012031090c88506b380
Author: Ilmari Hämäläinen <ilmari.hamalainen@aalto.fi>
Date:   Mon Feb 3 14:16:31 2025 +0200

    add row/s log

commit 59c14ef21e537f9250f6d4aedba65344e8bf6e9d
Author: Ilmari Hämäläinen <ilmari.hamalainen@aalto.fi>
Date:   Mon Feb 3 14:08:57 2025 +0200

    edit dataset sample creator info

commit 508296144f32007441458bad444191c37c743c5b
Author: Ilmari Hämäläinen <ilmari.hamalainen@aalto.fi>
Date:   Mon Feb 3 14:08:04 2025 +0200

    edit kafka producer arguments

commit 9cdf7d71b49fed50bd8a5bc4a836303ee9c69c65
Author: Ilmari Hämäläinen <ilmari.hamalainen@aalto.fi>
Date:   Mon Feb 3 14:07:46 2025 +0200

    edit requirements

commit 6db3e8a01e5d96e2c28ca56b2d110a327a8de366
Author: Ilmari Hämäläinen <ilmari.hamalainen@aalto.fi>
Date:   Mon Feb 3 14:07:37 2025 +0200

    edit logging

commit ae5777202573c24fcbcd3d42a50ab12ca812b71f
Author: Ilmari Hämäläinen <ilmari.hamalainen@aalto.fi>
Date:   Mon Feb 3 14:04:27 2025 +0200

    edit dataset info

commit 81906063510e3f758eb6ee4d7c080191117a52a8
Author: Ilmari Hämäläinen <ilmari.hamalainen@aalto.fi>
Date:   Mon Feb 3 14:04:14 2025 +0200

    edit cloud cassandra memory configurations

commit 3a61be97fe4e96ee7a05e941e0978f8685d97fbc
Author: Ilmari Hämäläinen <ilmari.hamalainen@aalto.fi>
Date:   Mon Feb 3 14:03:54 2025 +0200

    add shell scripts for concurrent kafka producing and consuming

commit 77c128bf2805c8be003ab1216f798b0068a13ff0
Author: Ilmari Hämäläinen <ilmari.hamalainen@aalto.fi>
Date:   Mon Feb 3 12:55:45 2025 +0200

    add function to stop ingest and log

commit 4394e2ee9e1e6766f34da968c61b5bcd9c229c71
Author: Ilmari Hämäläinen <ilmari.hamalainen@aalto.fi>
Date:   Mon Feb 3 11:46:32 2025 +0200

    add timeout to ingesting

commit f596c3d1768ceb358a5e8b7a9eed06fabe31b446
Author: Ilmari Hämäläinen <ilmari.hamalainen@aalto.fi>
Date:   Mon Feb 3 11:40:41 2025 +0200

    add ingest automation shell scripts, edit configurations for cloud deployment

commit bc434c010e2fd346cc2be349f7c50a68dff5108d
Author: Ilmari Hämäläinen <ilmari.hamalainen@aalto.fi>
Date:   Sat Feb 1 15:34:28 2025 +0200

    add dataset info

commit 0ba8c30a3912ba125e10b921f4d4e4bd98a5e8ea
Author: Ilmari Hämäläinen <ilmari.hamalainen@aalto.fi>
Date:   Sat Feb 1 15:34:16 2025 +0200

    add answers

commit 5af960e8b01f487a8c28af99a0d8b539ce69aad2
Author: Ilmari Hämäläinen <ilmari.hamalainen@aalto.fi>
Date:   Sat Feb 1 15:34:04 2025 +0200

    add logging to ingesting

commit 93b423c6021b6872dbbcb229d3ddf5ad80c2117d
Author: Ilmari Hämäläinen <ilmari.hamalainen@aalto.fi>
Date:   Sat Feb 1 15:33:46 2025 +0200

    modify repo structure

commit 6d1b09fa4e6d2daf8ee410366169115b8a297cfd
Author: Ilmari Hämäläinen <ilmari.hamalainen@aalto.fi>
Date:   Sat Feb 1 15:33:24 2025 +0200

    add dataset info

commit d7b8cd76ac763a27e5628184fd8253c308ce7b25
Author: Ilmari Hämäläinen <ilmari.hamalainen@aalto.fi>
Date:   Sat Feb 1 15:33:07 2025 +0200

    add dataset info

commit bedf31348345ad6b98a6cdb5f29f8fabcf51ee55
Author: Ilmari Hämäläinen <ilmari.hamalainen@aalto.fi>
Date:   Sat Feb 1 15:32:47 2025 +0200

    remove version number

commit abdcae9eca30382a1b3454b6efb44debae1b9fb4
Author: Ilmari Hämäläinen <ilmari.hamalainen@aalto.fi>
Date:   Fri Jan 31 20:14:38 2025 +0200

    answer more

commit 016ea9df35a51d8f23db8e934275cf9332e98ed6
Author: Ilmari Hämäläinen <ilmari.hamalainen@aalto.fi>
Date:   Fri Jan 31 20:04:48 2025 +0200

    add answers for 2.1,2,3

commit 60f7073aad1f5eb99b472851b5975f3324af9df5
Author: Ilmari Hämäläinen <ilmari.hamalainen@aalto.fi>
Date:   Fri Jan 31 18:44:57 2025 +0200

    edit number of cassandra seed nodes

commit 0abd6aea43567846f3885599a840be4dd5e65c97
Author: Ilmari Hämäläinen <ilmari.hamalainen@aalto.fi>
Date:   Fri Jan 31 18:44:28 2025 +0200

    git ignore full data set

commit ebcf67cbd81e1ddd01e3ad7647e9101c7996d470
Author: Ilmari Hämäläinen <ilmari.hamalainen@aalto.fi>
Date:   Thu Jan 30 21:34:19 2025 +0200

    add answer to 1.5

commit c54f2430f571107040f53c865273ea6d71d32681
Author: Ilmari Hämäläinen <ilmari.hamalainen@aalto.fi>
Date:   Thu Jan 30 20:10:44 2025 +0200

    add answers to 1.3,4

commit e16eace37efe725d64bc780b405f8786cf1f49b8
Author: Ilmari Hämäläinen <ilmari.hamalainen@aalto.fi>
Date:   Thu Jan 30 15:41:40 2025 +0200

    add initial implementations for ingest, coredms, tenant

commit ec13b466a4916424b04da0370b99c69e7cc617ad
Author: Ilmari Hämäläinen <ilmari.hamalainen@aalto.fi>
Date:   Thu Jan 30 14:46:13 2025 +0200

    add sample data, add link to original dataset

commit 2519c88a46f7f0c63c6d1423b5ebdb851314f95d
Author: Ilmari Hämäläinen <ilmari.hamalainen@aalto.fi>
Date:   Thu Jan 30 14:39:11 2025 +0200

    answer part1.2, add architecture pic

commit a08d349e8cd84942c628073773238e46ae42677e
Author: Ilmari Hämäläinen <ilmari.hamalainen@aalto.fi>
Date:   Thu Jan 30 14:11:05 2025 +0200

    answer part 1.1

commit 11f3b341b97693eb29a780f32e88cd0c1df195de
Author: Ilmari Hämäläinen <ilmari.hamalainen@aalto.fi>
Date:   Mon Jan 27 16:34:55 2025 +0200

    initial commit, add architecture picture, some answers to assignment questions
