2025-02-05 11:50:04,441 - INFO - Succesfully connected to Cassandra
2025-02-05 11:50:04,442 - INFO - Starting to listen for data
2025-02-05 11:50:04,450 - INFO - Succesfully connected to Cassandra
2025-02-05 11:50:04,450 - INFO - Starting to listen for data
2025-02-05 11:50:04,464 - INFO - Succesfully connected to Cassandra
2025-02-05 11:50:04,465 - INFO - Starting to listen for data
2025-02-05 11:50:04,495 - INFO - Succesfully connected to Cassandra
2025-02-05 11:50:04,495 - INFO - Starting to listen for data
2025-02-05 11:50:04,518 - INFO - Succesfully connected to Cassandra
2025-02-05 11:50:04,519 - INFO - Starting to listen for data
2025-02-05 11:52:57,873 - INFO - Stopped ingesting - statistics:
2025-02-05 11:52:57,873 - INFO - Time taken: 173.41 s
2025-02-05 11:52:57,873 - INFO - Number of Kafka messages received: 60034
2025-02-05 11:52:57,873 - INFO - Rows succesfully inserted: 59912
2025-02-05 11:52:57,873 - INFO - Rows succesfully inserted / s: 345.49708625784746
2025-02-05 11:52:57,873 - INFO - Number of Cassandra errors: 122
2025-02-05 11:52:57,873 - INFO - Number of Kafka errors: 0
2025-02-05 11:52:57,873 - INFO - ------------------------------------------------
2025-02-05 11:52:58,310 - INFO - Stopped ingesting - statistics:
2025-02-05 11:52:58,310 - INFO - Time taken: 173.87 s
2025-02-05 11:52:58,310 - INFO - Number of Kafka messages received: 58484
2025-02-05 11:52:58,310 - INFO - Rows succesfully inserted: 58370
2025-02-05 11:52:58,310 - INFO - Rows succesfully inserted / s: 335.714176994847
2025-02-05 11:52:58,310 - INFO - Number of Cassandra errors: 114
2025-02-05 11:52:58,310 - INFO - Number of Kafka errors: 0
2025-02-05 11:52:58,310 - INFO - ------------------------------------------------
2025-02-05 11:52:58,318 - INFO - Stopped ingesting - statistics:
2025-02-05 11:52:58,318 - INFO - Time taken: 173.82 s
2025-02-05 11:52:58,318 - INFO - Number of Kafka messages received: 60518
2025-02-05 11:52:58,318 - INFO - Rows succesfully inserted: 60388
2025-02-05 11:52:58,318 - INFO - Rows succesfully inserted / s: 347.4115544407811
2025-02-05 11:52:58,318 - INFO - Number of Cassandra errors: 130
2025-02-05 11:52:58,318 - INFO - Number of Kafka errors: 0
2025-02-05 11:52:58,318 - INFO - ------------------------------------------------
2025-02-05 11:52:58,586 - INFO - Stopped ingesting - statistics:
2025-02-05 11:52:58,586 - INFO - Time taken: 174.14 s
2025-02-05 11:52:58,586 - INFO - Number of Kafka messages received: 61268
2025-02-05 11:52:58,586 - INFO - Rows succesfully inserted: 61138
2025-02-05 11:52:58,586 - INFO - Rows succesfully inserted / s: 351.0938243295751
2025-02-05 11:52:58,586 - INFO - Number of Cassandra errors: 130
2025-02-05 11:52:58,586 - INFO - Number of Kafka errors: 0
2025-02-05 11:52:58,586 - INFO - ------------------------------------------------
2025-02-05 11:52:58,590 - INFO - Stopped ingesting - statistics:
2025-02-05 11:52:58,591 - INFO - Time taken: 174.07 s
2025-02-05 11:52:58,591 - INFO - Number of Kafka messages received: 59696
2025-02-05 11:52:58,591 - INFO - Rows succesfully inserted: 59552
2025-02-05 11:52:58,591 - INFO - Rows succesfully inserted / s: 342.1117680077946
2025-02-05 11:52:58,591 - INFO - Number of Cassandra errors: 144
2025-02-05 11:52:58,591 - INFO - Number of Kafka errors: 0
2025-02-05 11:52:58,591 - INFO - ------------------------------------------------
