2025-02-05 11:21:59,761 - INFO - Succesfully connected to Cassandra
2025-02-05 11:21:59,761 - INFO - Starting to listen for data
2025-02-05 11:21:59,762 - INFO - Succesfully connected to Cassandra
2025-02-05 11:21:59,762 - INFO - Starting to listen for data
2025-02-05 11:21:59,772 - INFO - Succesfully connected to Cassandra
2025-02-05 11:21:59,772 - INFO - Starting to listen for data
2025-02-05 11:21:59,815 - INFO - Succesfully connected to Cassandra
2025-02-05 11:21:59,815 - INFO - Starting to listen for data
2025-02-05 11:21:59,831 - INFO - Succesfully connected to Cassandra
2025-02-05 11:21:59,832 - INFO - Starting to listen for data
2025-02-05 11:24:43,880 - INFO - Stopped ingesting - statistics:
2025-02-05 11:24:43,880 - INFO - Time taken: 164.05 s
2025-02-05 11:24:43,880 - INFO - Number of Kafka messages received: 59558
2025-02-05 11:24:43,880 - INFO - Rows succesfully inserted: 59431
2025-02-05 11:24:43,880 - INFO - Rows succesfully inserted / s: 362.27770861794187
2025-02-05 11:24:43,881 - INFO - Number of Cassandra errors: 127
2025-02-05 11:24:43,881 - INFO - Number of Kafka errors: 0
2025-02-05 11:24:43,881 - INFO - ------------------------------------------------
2025-02-05 11:24:44,083 - INFO - Stopped ingesting - statistics:
2025-02-05 11:24:44,083 - INFO - Time taken: 164.32 s
2025-02-05 11:24:44,083 - INFO - Number of Kafka messages received: 60197
2025-02-05 11:24:44,083 - INFO - Rows succesfully inserted: 60063
2025-02-05 11:24:44,083 - INFO - Rows succesfully inserted / s: 365.52125466517623
2025-02-05 11:24:44,083 - INFO - Number of Cassandra errors: 134
2025-02-05 11:24:44,083 - INFO - Number of Kafka errors: 0
2025-02-05 11:24:44,083 - INFO - ------------------------------------------------
2025-02-05 11:24:45,849 - INFO - Stopped ingesting - statistics:
2025-02-05 11:24:45,849 - INFO - Time taken: 166.03 s
2025-02-05 11:24:45,849 - INFO - Number of Kafka messages received: 60097
2025-02-05 11:24:45,849 - INFO - Rows succesfully inserted: 59968
2025-02-05 11:24:45,849 - INFO - Rows succesfully inserted / s: 361.1799008862497
2025-02-05 11:24:45,849 - INFO - Number of Cassandra errors: 129
2025-02-05 11:24:45,849 - INFO - Number of Kafka errors: 0
2025-02-05 11:24:45,849 - INFO - ------------------------------------------------
2025-02-05 11:24:47,467 - INFO - Stopped ingesting - statistics:
2025-02-05 11:24:47,467 - INFO - Time taken: 167.69 s
2025-02-05 11:24:47,467 - INFO - Number of Kafka messages received: 60611
2025-02-05 11:24:47,467 - INFO - Rows succesfully inserted: 60494
2025-02-05 11:24:47,467 - INFO - Rows succesfully inserted / s: 360.7391939944253
2025-02-05 11:24:47,467 - INFO - Number of Cassandra errors: 117
2025-02-05 11:24:47,467 - INFO - Number of Kafka errors: 0
2025-02-05 11:24:47,467 - INFO - ------------------------------------------------
2025-02-05 11:24:47,533 - INFO - Stopped ingesting - statistics:
2025-02-05 11:24:47,533 - INFO - Time taken: 167.77 s
2025-02-05 11:24:47,533 - INFO - Number of Kafka messages received: 59537
2025-02-05 11:24:47,533 - INFO - Rows succesfully inserted: 59404
2025-02-05 11:24:47,533 - INFO - Rows succesfully inserted / s: 354.0792241551931
2025-02-05 11:24:47,533 - INFO - Number of Cassandra errors: 133
2025-02-05 11:24:47,533 - INFO - Number of Kafka errors: 0
2025-02-05 11:24:47,533 - INFO - ------------------------------------------------
