2025-02-05 11:14:20,403 - INFO - Succesfully connected to Cassandra
2025-02-05 11:14:20,403 - INFO - Starting to listen for data
2025-02-05 11:14:20,404 - INFO - Succesfully connected to Cassandra
2025-02-05 11:14:20,404 - INFO - Starting to listen for data
2025-02-05 11:14:20,424 - INFO - Succesfully connected to Cassandra
2025-02-05 11:14:20,424 - INFO - Starting to listen for data
2025-02-05 11:14:20,460 - INFO - Succesfully connected to Cassandra
2025-02-05 11:14:20,460 - INFO - Starting to listen for data
2025-02-05 11:14:20,473 - INFO - Succesfully connected to Cassandra
2025-02-05 11:14:20,473 - INFO - Starting to listen for data
2025-02-05 11:17:02,327 - INFO - Stopped ingesting - statistics:
2025-02-05 11:17:02,327 - INFO - Time taken: 161.85 s
2025-02-05 11:17:02,327 - INFO - Number of Kafka messages received: 60302
2025-02-05 11:17:02,327 - INFO - Rows succesfully inserted: 60188
2025-02-05 11:17:02,327 - INFO - Rows succesfully inserted / s: 371.86789122525965
2025-02-05 11:17:02,327 - INFO - Number of Cassandra errors: 114
2025-02-05 11:17:02,327 - INFO - Number of Kafka errors: 0
2025-02-05 11:17:02,327 - INFO - ------------------------------------------------
2025-02-05 11:17:02,332 - INFO - Stopped ingesting - statistics:
2025-02-05 11:17:02,332 - INFO - Time taken: 161.91 s
2025-02-05 11:17:02,332 - INFO - Number of Kafka messages received: 59597
2025-02-05 11:17:02,332 - INFO - Rows succesfully inserted: 59439
2025-02-05 11:17:02,332 - INFO - Rows succesfully inserted / s: 367.11508209734234
2025-02-05 11:17:02,332 - INFO - Number of Cassandra errors: 158
2025-02-05 11:17:02,332 - INFO - Number of Kafka errors: 0
2025-02-05 11:17:02,333 - INFO - ------------------------------------------------
2025-02-05 11:17:02,353 - INFO - Stopped ingesting - statistics:
2025-02-05 11:17:02,353 - INFO - Time taken: 161.95 s
2025-02-05 11:17:02,353 - INFO - Number of Kafka messages received: 59758
2025-02-05 11:17:02,353 - INFO - Rows succesfully inserted: 59640
2025-02-05 11:17:02,353 - INFO - Rows succesfully inserted / s: 368.2637944393189
2025-02-05 11:17:02,353 - INFO - Number of Cassandra errors: 118
2025-02-05 11:17:02,353 - INFO - Number of Kafka errors: 0
2025-02-05 11:17:02,353 - INFO - ------------------------------------------------
2025-02-05 11:17:02,386 - INFO - Stopped ingesting - statistics:
2025-02-05 11:17:02,386 - INFO - Time taken: 161.98 s
2025-02-05 11:17:02,386 - INFO - Number of Kafka messages received: 60265
2025-02-05 11:17:02,386 - INFO - Rows succesfully inserted: 60137
2025-02-05 11:17:02,387 - INFO - Rows succesfully inserted / s: 371.257495564187
2025-02-05 11:17:02,387 - INFO - Number of Cassandra errors: 128
2025-02-05 11:17:02,387 - INFO - Number of Kafka errors: 0
2025-02-05 11:17:02,387 - INFO - ------------------------------------------------
2025-02-05 11:17:02,404 - INFO - Stopped ingesting - statistics:
2025-02-05 11:17:02,405 - INFO - Time taken: 161.94 s
2025-02-05 11:17:02,405 - INFO - Number of Kafka messages received: 60078
2025-02-05 11:17:02,405 - INFO - Rows succesfully inserted: 59956
2025-02-05 11:17:02,405 - INFO - Rows succesfully inserted / s: 370.2260201083618
2025-02-05 11:17:02,405 - INFO - Number of Cassandra errors: 122
2025-02-05 11:17:02,405 - INFO - Number of Kafka errors: 0
2025-02-05 11:17:02,405 - INFO - ------------------------------------------------
