2025-02-05 11:42:44,388 - INFO - Succesfully connected to Cassandra
2025-02-05 11:42:44,388 - INFO - Starting to listen for data
2025-02-05 11:42:44,412 - INFO - Succesfully connected to Cassandra
2025-02-05 11:42:44,412 - INFO - Starting to listen for data
2025-02-05 11:42:44,419 - INFO - Succesfully connected to Cassandra
2025-02-05 11:42:44,419 - INFO - Starting to listen for data
2025-02-05 11:42:44,497 - INFO - Succesfully connected to Cassandra
2025-02-05 11:42:44,497 - INFO - Starting to listen for data
2025-02-05 11:42:44,508 - INFO - Succesfully connected to Cassandra
2025-02-05 11:42:44,508 - INFO - Starting to listen for data
2025-02-05 11:45:44,170 - INFO - Stopped ingesting - statistics:
2025-02-05 11:45:44,170 - INFO - Time taken: 179.66 s
2025-02-05 11:45:44,170 - INFO - Number of Kafka messages received: 60246
2025-02-05 11:45:44,171 - INFO - Rows succesfully inserted: 60091
2025-02-05 11:45:44,171 - INFO - Rows succesfully inserted / s: 334.4674899741401
2025-02-05 11:45:44,171 - INFO - Number of Cassandra errors: 155
2025-02-05 11:45:44,171 - INFO - Number of Kafka errors: 0
2025-02-05 11:45:44,171 - INFO - ------------------------------------------------
2025-02-05 11:45:44,214 - INFO - Stopped ingesting - statistics:
2025-02-05 11:45:44,214 - INFO - Time taken: 179.79 s
2025-02-05 11:45:44,214 - INFO - Number of Kafka messages received: 59555
2025-02-05 11:45:44,214 - INFO - Rows succesfully inserted: 59427
2025-02-05 11:45:44,214 - INFO - Rows succesfully inserted / s: 330.5269630820832
2025-02-05 11:45:44,214 - INFO - Number of Cassandra errors: 128
2025-02-05 11:45:44,214 - INFO - Number of Kafka errors: 0
2025-02-05 11:45:44,214 - INFO - ------------------------------------------------
2025-02-05 11:45:44,278 - INFO - Stopped ingesting - statistics:
2025-02-05 11:45:44,278 - INFO - Time taken: 179.87 s
2025-02-05 11:45:44,278 - INFO - Number of Kafka messages received: 60405
2025-02-05 11:45:44,278 - INFO - Rows succesfully inserted: 60259
2025-02-05 11:45:44,278 - INFO - Rows succesfully inserted / s: 335.02271133800434
2025-02-05 11:45:44,278 - INFO - Number of Cassandra errors: 146
2025-02-05 11:45:44,278 - INFO - Number of Kafka errors: 0
2025-02-05 11:45:44,278 - INFO - ------------------------------------------------
2025-02-05 11:45:44,294 - INFO - Stopped ingesting - statistics:
2025-02-05 11:45:44,295 - INFO - Time taken: 179.91 s
2025-02-05 11:45:44,295 - INFO - Number of Kafka messages received: 59936
2025-02-05 11:45:44,295 - INFO - Rows succesfully inserted: 59818
2025-02-05 11:45:44,295 - INFO - Rows succesfully inserted / s: 332.495261633069
2025-02-05 11:45:44,295 - INFO - Number of Cassandra errors: 118
2025-02-05 11:45:44,295 - INFO - Number of Kafka errors: 0
2025-02-05 11:45:44,295 - INFO - ------------------------------------------------
2025-02-05 11:45:44,303 - INFO - Stopped ingesting - statistics:
2025-02-05 11:45:44,304 - INFO - Time taken: 179.81 s
2025-02-05 11:45:44,304 - INFO - Number of Kafka messages received: 59802
2025-02-05 11:45:44,304 - INFO - Rows succesfully inserted: 59709
2025-02-05 11:45:44,304 - INFO - Rows succesfully inserted / s: 332.0741738588147
2025-02-05 11:45:44,304 - INFO - Number of Cassandra errors: 93
2025-02-05 11:45:44,304 - INFO - Number of Kafka errors: 0
2025-02-05 11:45:44,304 - INFO - ------------------------------------------------
