2025-02-05 11:09:32,721 - INFO - Succesfully connected to Cassandra
2025-02-05 11:09:32,721 - INFO - Starting to listen for data
2025-02-05 11:09:32,749 - INFO - Succesfully connected to Cassandra
2025-02-05 11:09:32,750 - INFO - Starting to listen for data
2025-02-05 11:09:32,783 - INFO - Succesfully connected to Cassandra
2025-02-05 11:09:32,784 - INFO - Starting to listen for data
2025-02-05 11:09:32,784 - WARNING - Host 172.18.0.5:9042 has been marked down
2025-02-05 11:09:32,848 - INFO - Succesfully connected to Cassandra
2025-02-05 11:09:32,849 - INFO - Starting to listen for data
2025-02-05 11:09:32,851 - INFO - Succesfully connected to Cassandra
2025-02-05 11:09:32,852 - INFO - Starting to listen for data
2025-02-05 11:09:32,853 - INFO - Succesfully connected to Cassandra
2025-02-05 11:09:32,853 - INFO - Starting to listen for data
2025-02-05 11:09:32,858 - INFO - Succesfully connected to Cassandra
2025-02-05 11:09:32,859 - INFO - Starting to listen for data
2025-02-05 11:09:32,869 - INFO - Succesfully connected to Cassandra
2025-02-05 11:09:32,869 - INFO - Starting to listen for data
2025-02-05 11:09:32,875 - INFO - Succesfully connected to Cassandra
2025-02-05 11:09:32,875 - INFO - Starting to listen for data
2025-02-05 11:09:32,885 - INFO - Succesfully connected to Cassandra
2025-02-05 11:09:32,885 - INFO - Starting to listen for data
2025-02-05 11:09:32,899 - INFO - Succesfully connected to Cassandra
2025-02-05 11:09:32,899 - INFO - Starting to listen for data
2025-02-05 11:09:32,902 - INFO - Succesfully connected to Cassandra
2025-02-05 11:09:32,902 - INFO - Starting to listen for data
2025-02-05 11:09:32,908 - INFO - Succesfully connected to Cassandra
2025-02-05 11:09:32,908 - INFO - Starting to listen for data
2025-02-05 11:09:32,911 - INFO - Succesfully connected to Cassandra
2025-02-05 11:09:32,911 - INFO - Starting to listen for data
2025-02-05 11:09:32,920 - INFO - Succesfully connected to Cassandra
2025-02-05 11:09:32,920 - INFO - Starting to listen for data
2025-02-05 11:11:49,466 - INFO - Stopped ingesting - statistics:
2025-02-05 11:11:49,466 - INFO - Time taken: 136.68 s
2025-02-05 11:11:49,466 - INFO - Number of Kafka messages received: 19684
2025-02-05 11:11:49,466 - INFO - Rows succesfully inserted: 19636
2025-02-05 11:11:49,466 - INFO - Rows succesfully inserted / s: 143.6614856414965
2025-02-05 11:11:49,466 - INFO - Number of Cassandra errors: 48
2025-02-05 11:11:49,466 - INFO - Number of Kafka errors: 0
2025-02-05 11:11:49,466 - INFO - ------------------------------------------------
2025-02-05 11:11:49,481 - INFO - Stopped ingesting - statistics:
2025-02-05 11:11:49,481 - INFO - Time taken: 136.60 s
2025-02-05 11:11:49,481 - INFO - Number of Kafka messages received: 19783
2025-02-05 11:11:49,481 - INFO - Rows succesfully inserted: 19749
2025-02-05 11:11:49,481 - INFO - Rows succesfully inserted / s: 144.5796719280231
2025-02-05 11:11:49,481 - INFO - Number of Cassandra errors: 34
2025-02-05 11:11:49,481 - INFO - Number of Kafka errors: 0
2025-02-05 11:11:49,481 - INFO - ------------------------------------------------
2025-02-05 11:11:49,494 - INFO - Stopped ingesting - statistics:
2025-02-05 11:11:49,494 - INFO - Time taken: 136.64 s
2025-02-05 11:11:49,494 - INFO - Number of Kafka messages received: 19600
2025-02-05 11:11:49,494 - INFO - Rows succesfully inserted: 19564
2025-02-05 11:11:49,494 - INFO - Rows succesfully inserted / s: 143.17836134910266
2025-02-05 11:11:49,494 - INFO - Number of Cassandra errors: 36
2025-02-05 11:11:49,494 - INFO - Number of Kafka errors: 0
2025-02-05 11:11:49,494 - INFO - ------------------------------------------------
2025-02-05 11:11:49,529 - INFO - Stopped ingesting - statistics:
2025-02-05 11:11:49,529 - INFO - Time taken: 136.65 s
2025-02-05 11:11:49,529 - INFO - Number of Kafka messages received: 19756
2025-02-05 11:11:49,529 - INFO - Rows succesfully inserted: 19716
2025-02-05 11:11:49,529 - INFO - Rows succesfully inserted / s: 144.27778339270685
2025-02-05 11:11:49,529 - INFO - Number of Cassandra errors: 40
2025-02-05 11:11:49,529 - INFO - Number of Kafka errors: 0
2025-02-05 11:11:49,529 - INFO - ------------------------------------------------
2025-02-05 11:11:49,543 - INFO - Stopped ingesting - statistics:
2025-02-05 11:11:49,543 - INFO - Time taken: 136.64 s
2025-02-05 11:11:49,543 - INFO - Number of Kafka messages received: 19921
2025-02-05 11:11:49,543 - INFO - Rows succesfully inserted: 19880
2025-02-05 11:11:49,543 - INFO - Rows succesfully inserted / s: 145.49121445922987
2025-02-05 11:11:49,543 - INFO - Number of Cassandra errors: 41
2025-02-05 11:11:49,543 - INFO - Number of Kafka errors: 0
2025-02-05 11:11:49,543 - INFO - ------------------------------------------------
2025-02-05 11:11:49,557 - INFO - Stopped ingesting - statistics:
2025-02-05 11:11:49,557 - INFO - Time taken: 136.70 s
2025-02-05 11:11:49,557 - INFO - Number of Kafka messages received: 20031
2025-02-05 11:11:49,557 - INFO - Rows succesfully inserted: 19988
2025-02-05 11:11:49,557 - INFO - Rows succesfully inserted / s: 146.22007475866482
2025-02-05 11:11:49,557 - INFO - Number of Cassandra errors: 43
2025-02-05 11:11:49,557 - INFO - Number of Kafka errors: 0
2025-02-05 11:11:49,557 - INFO - ------------------------------------------------
2025-02-05 11:11:49,571 - INFO - Stopped ingesting - statistics:
2025-02-05 11:11:49,571 - INFO - Time taken: 136.67 s
2025-02-05 11:11:49,571 - INFO - Number of Kafka messages received: 20107
2025-02-05 11:11:49,571 - INFO - Rows succesfully inserted: 20048
2025-02-05 11:11:49,571 - INFO - Rows succesfully inserted / s: 146.68774677455113
2025-02-05 11:11:49,571 - INFO - Number of Cassandra errors: 59
2025-02-05 11:11:49,571 - INFO - Number of Kafka errors: 0
2025-02-05 11:11:49,571 - INFO - ------------------------------------------------
2025-02-05 11:11:49,585 - INFO - Stopped ingesting - statistics:
2025-02-05 11:11:49,585 - INFO - Time taken: 136.68 s
2025-02-05 11:11:49,585 - INFO - Number of Kafka messages received: 19935
2025-02-05 11:11:49,585 - INFO - Rows succesfully inserted: 19898
2025-02-05 11:11:49,585 - INFO - Rows succesfully inserted / s: 145.5838502092174
2025-02-05 11:11:49,586 - INFO - Number of Cassandra errors: 37
2025-02-05 11:11:49,586 - INFO - Number of Kafka errors: 0
2025-02-05 11:11:49,586 - INFO - ------------------------------------------------
2025-02-05 11:11:49,603 - INFO - Stopped ingesting - statistics:
2025-02-05 11:11:49,603 - INFO - Time taken: 136.69 s
2025-02-05 11:11:49,603 - INFO - Number of Kafka messages received: 20369
2025-02-05 11:11:49,603 - INFO - Rows succesfully inserted: 20334
2025-02-05 11:11:49,603 - INFO - Rows succesfully inserted / s: 148.75741640998126
2025-02-05 11:11:49,603 - INFO - Number of Cassandra errors: 35
2025-02-05 11:11:49,603 - INFO - Number of Kafka errors: 0
2025-02-05 11:11:49,604 - INFO - ------------------------------------------------
2025-02-05 11:11:49,635 - INFO - Stopped ingesting - statistics:
2025-02-05 11:11:49,635 - INFO - Time taken: 136.71 s
2025-02-05 11:11:49,635 - INFO - Number of Kafka messages received: 20916
2025-02-05 11:11:49,635 - INFO - Rows succesfully inserted: 20861
2025-02-05 11:11:49,635 - INFO - Rows succesfully inserted / s: 152.5875427466549
2025-02-05 11:11:49,635 - INFO - Number of Cassandra errors: 55
2025-02-05 11:11:49,635 - INFO - Number of Kafka errors: 0
2025-02-05 11:11:49,635 - INFO - ------------------------------------------------
2025-02-05 11:11:49,650 - INFO - Stopped ingesting - statistics:
2025-02-05 11:11:49,651 - INFO - Time taken: 136.93 s
2025-02-05 11:11:49,651 - INFO - Number of Kafka messages received: 20472
2025-02-05 11:11:49,651 - INFO - Rows succesfully inserted: 20435
2025-02-05 11:11:49,651 - INFO - Rows succesfully inserted / s: 149.23728658299498
2025-02-05 11:11:49,651 - INFO - Number of Cassandra errors: 37
2025-02-05 11:11:49,651 - INFO - Number of Kafka errors: 0
2025-02-05 11:11:49,651 - INFO - ------------------------------------------------
2025-02-05 11:11:49,666 - INFO - Stopped ingesting - statistics:
2025-02-05 11:11:49,666 - INFO - Time taken: 136.81 s
2025-02-05 11:11:49,666 - INFO - Number of Kafka messages received: 20011
2025-02-05 11:11:49,666 - INFO - Rows succesfully inserted: 19981
2025-02-05 11:11:49,666 - INFO - Rows succesfully inserted / s: 146.04459593958276
2025-02-05 11:11:49,666 - INFO - Number of Cassandra errors: 30
2025-02-05 11:11:49,666 - INFO - Number of Kafka errors: 0
2025-02-05 11:11:49,666 - INFO - ------------------------------------------------
2025-02-05 11:11:50,176 - INFO - Stopped ingesting - statistics:
2025-02-05 11:11:50,176 - INFO - Time taken: 137.43 s
2025-02-05 11:11:50,176 - INFO - Number of Kafka messages received: 19740
2025-02-05 11:11:50,176 - INFO - Rows succesfully inserted: 19688
2025-02-05 11:11:50,176 - INFO - Rows succesfully inserted / s: 143.262459538364
2025-02-05 11:11:50,176 - INFO - Number of Cassandra errors: 52
2025-02-05 11:11:50,176 - INFO - Number of Kafka errors: 0
2025-02-05 11:11:50,176 - INFO - ------------------------------------------------
2025-02-05 11:11:50,358 - INFO - Stopped ingesting - statistics:
2025-02-05 11:11:50,358 - INFO - Time taken: 137.49 s
2025-02-05 11:11:50,358 - INFO - Number of Kafka messages received: 20019
2025-02-05 11:11:50,358 - INFO - Rows succesfully inserted: 19969
2025-02-05 11:11:50,358 - INFO - Rows succesfully inserted / s: 145.24147951795482
2025-02-05 11:11:50,358 - INFO - Number of Cassandra errors: 50
2025-02-05 11:11:50,358 - INFO - Number of Kafka errors: 0
2025-02-05 11:11:50,358 - INFO - ------------------------------------------------
2025-02-05 11:11:50,377 - INFO - Stopped ingesting - statistics:
2025-02-05 11:11:50,377 - INFO - Time taken: 137.53 s
2025-02-05 11:11:50,377 - INFO - Number of Kafka messages received: 19656
2025-02-05 11:11:50,377 - INFO - Rows succesfully inserted: 19613
2025-02-05 11:11:50,377 - INFO - Rows succesfully inserted / s: 142.61092622056535
2025-02-05 11:11:50,377 - INFO - Number of Cassandra errors: 43
2025-02-05 11:11:50,377 - INFO - Number of Kafka errors: 0
2025-02-05 11:11:50,377 - INFO - ------------------------------------------------
