2025-02-05 11:05:52,824 - INFO - Starting to listen for data
2025-02-05 11:05:52,834 - INFO - Succesfully connected to Cassandra
2025-02-05 11:05:52,834 - INFO - Starting to listen for data
2025-02-05 11:05:52,862 - INFO - Succesfully connected to Cassandra
2025-02-05 11:05:52,862 - INFO - Starting to listen for data
2025-02-05 11:05:52,870 - INFO - Succesfully connected to Cassandra
2025-02-05 11:05:52,870 - INFO - Starting to listen for data
2025-02-05 11:05:52,891 - INFO - Succesfully connected to Cassandra
2025-02-05 11:05:52,891 - INFO - Starting to listen for data
2025-02-05 11:05:52,903 - INFO - Succesfully connected to Cassandra
2025-02-05 11:05:52,903 - INFO - Starting to listen for data
2025-02-05 11:05:52,953 - INFO - Succesfully connected to Cassandra
2025-02-05 11:05:52,953 - INFO - Starting to listen for data
2025-02-05 11:05:52,964 - INFO - Succesfully connected to Cassandra
2025-02-05 11:05:52,964 - INFO - Starting to listen for data
2025-02-05 11:05:52,968 - INFO - Succesfully connected to Cassandra
2025-02-05 11:05:52,968 - INFO - Starting to listen for data
2025-02-05 11:05:53,005 - INFO - Succesfully connected to Cassandra
2025-02-05 11:05:53,005 - INFO - Starting to listen for data
2025-02-05 11:08:55,149 - INFO - Stopped ingesting - statistics:
2025-02-05 11:08:55,149 - INFO - Time taken: 182.26 s
2025-02-05 11:08:55,149 - INFO - Number of Kafka messages received: 39653
2025-02-05 11:08:55,149 - INFO - Rows succesfully inserted: 39568
2025-02-05 11:08:55,149 - INFO - Rows succesfully inserted / s: 217.0996843427636
2025-02-05 11:08:55,149 - INFO - Number of Cassandra errors: 85
2025-02-05 11:08:55,149 - INFO - Number of Kafka errors: 0
2025-02-05 11:08:55,149 - INFO - ------------------------------------------------
2025-02-05 11:08:55,161 - INFO - Stopped ingesting - statistics:
2025-02-05 11:08:55,162 - INFO - Time taken: 182.27 s
2025-02-05 11:08:55,162 - INFO - Number of Kafka messages received: 39653
2025-02-05 11:08:55,162 - INFO - Rows succesfully inserted: 39568
2025-02-05 11:08:55,162 - INFO - Rows succesfully inserted / s: 217.08464601765039
2025-02-05 11:08:55,162 - INFO - Number of Cassandra errors: 85
2025-02-05 11:08:55,162 - INFO - Number of Kafka errors: 0
2025-02-05 11:08:55,162 - INFO - ------------------------------------------------
2025-02-05 11:08:55,205 - INFO - Stopped ingesting - statistics:
2025-02-05 11:08:55,205 - INFO - Time taken: 182.33 s
2025-02-05 11:08:55,205 - INFO - Number of Kafka messages received: 19907
2025-02-05 11:08:55,205 - INFO - Rows succesfully inserted: 19861
2025-02-05 11:08:55,205 - INFO - Rows succesfully inserted / s: 108.9259435438091
2025-02-05 11:08:55,205 - INFO - Number of Cassandra errors: 46
2025-02-05 11:08:55,205 - INFO - Number of Kafka errors: 0
2025-02-05 11:08:55,205 - INFO - ------------------------------------------------
2025-02-05 11:08:55,212 - INFO - Stopped ingesting - statistics:
2025-02-05 11:08:55,212 - INFO - Time taken: 182.34 s
2025-02-05 11:08:55,212 - INFO - Number of Kafka messages received: 19907
2025-02-05 11:08:55,212 - INFO - Rows succesfully inserted: 19861
2025-02-05 11:08:55,212 - INFO - Rows succesfully inserted / s: 108.92195151807739
2025-02-05 11:08:55,212 - INFO - Number of Cassandra errors: 46
2025-02-05 11:08:55,212 - INFO - Number of Kafka errors: 0
2025-02-05 11:08:55,212 - INFO - ------------------------------------------------
2025-02-05 11:08:55,219 - INFO - Stopped ingesting - statistics:
2025-02-05 11:08:55,220 - INFO - Time taken: 182.32 s
2025-02-05 11:08:55,220 - INFO - Number of Kafka messages received: 39448
2025-02-05 11:08:55,220 - INFO - Rows succesfully inserted: 39357
2025-02-05 11:08:55,220 - INFO - Rows succesfully inserted / s: 215.87182473014664
2025-02-05 11:08:55,220 - INFO - Number of Cassandra errors: 91
2025-02-05 11:08:55,220 - INFO - Number of Kafka errors: 0
2025-02-05 11:08:55,220 - INFO - ------------------------------------------------
2025-02-05 11:08:55,224 - INFO - Stopped ingesting - statistics:
2025-02-05 11:08:55,225 - INFO - Time taken: 182.32 s
2025-02-05 11:08:55,225 - INFO - Number of Kafka messages received: 39448
2025-02-05 11:08:55,225 - INFO - Rows succesfully inserted: 39357
2025-02-05 11:08:55,225 - INFO - Rows succesfully inserted / s: 215.86580994333502
2025-02-05 11:08:55,225 - INFO - Number of Cassandra errors: 91
2025-02-05 11:08:55,225 - INFO - Number of Kafka errors: 0
2025-02-05 11:08:55,225 - INFO - ------------------------------------------------
2025-02-05 11:08:55,239 - INFO - Stopped ingesting - statistics:
2025-02-05 11:08:55,240 - INFO - Time taken: 182.42 s
2025-02-05 11:08:55,240 - INFO - Number of Kafka messages received: 19987
2025-02-05 11:08:55,240 - INFO - Rows succesfully inserted: 19953
2025-02-05 11:08:55,240 - INFO - Rows succesfully inserted / s: 109.38243768447369
2025-02-05 11:08:55,240 - INFO - Number of Cassandra errors: 34
2025-02-05 11:08:55,240 - INFO - Number of Kafka errors: 0
2025-02-05 11:08:55,240 - INFO - ------------------------------------------------
2025-02-05 11:08:55,245 - INFO - Stopped ingesting - statistics:
2025-02-05 11:08:55,245 - INFO - Time taken: 182.42 s
2025-02-05 11:08:55,245 - INFO - Number of Kafka messages received: 19987
2025-02-05 11:08:55,245 - INFO - Rows succesfully inserted: 19953
2025-02-05 11:08:55,245 - INFO - Rows succesfully inserted / s: 109.37907112577432
2025-02-05 11:08:55,245 - INFO - Number of Cassandra errors: 34
2025-02-05 11:08:55,245 - INFO - Number of Kafka errors: 0
2025-02-05 11:08:55,245 - INFO - ------------------------------------------------
2025-02-05 11:08:55,285 - INFO - Stopped ingesting - statistics:
2025-02-05 11:08:55,285 - INFO - Time taken: 182.42 s
2025-02-05 11:08:55,285 - INFO - Number of Kafka messages received: 19924
2025-02-05 11:08:55,285 - INFO - Rows succesfully inserted: 19869
2025-02-05 11:08:55,285 - INFO - Rows succesfully inserted / s: 108.91756599832644
2025-02-05 11:08:55,285 - INFO - Number of Cassandra errors: 55
2025-02-05 11:08:55,285 - INFO - Number of Kafka errors: 0
2025-02-05 11:08:55,285 - INFO - ------------------------------------------------
2025-02-05 11:08:55,291 - INFO - Stopped ingesting - statistics:
2025-02-05 11:08:55,291 - INFO - Time taken: 182.43 s
2025-02-05 11:08:55,291 - INFO - Number of Kafka messages received: 19924
2025-02-05 11:08:55,291 - INFO - Rows succesfully inserted: 19869
2025-02-05 11:08:55,291 - INFO - Rows succesfully inserted / s: 108.91399026339036
2025-02-05 11:08:55,291 - INFO - Number of Cassandra errors: 55
2025-02-05 11:08:55,291 - INFO - Number of Kafka errors: 0
2025-02-05 11:08:55,291 - INFO - ------------------------------------------------
2025-02-05 11:08:55,343 - INFO - Stopped ingesting - statistics:
2025-02-05 11:08:55,343 - INFO - Time taken: 182.34 s
2025-02-05 11:08:55,343 - INFO - Number of Kafka messages received: 40281
2025-02-05 11:08:55,343 - INFO - Rows succesfully inserted: 40194
2025-02-05 11:08:55,343 - INFO - Rows succesfully inserted / s: 220.43662333491858
2025-02-05 11:08:55,343 - INFO - Number of Cassandra errors: 87
2025-02-05 11:08:55,343 - INFO - Number of Kafka errors: 0
2025-02-05 11:08:55,343 - INFO - ------------------------------------------------
2025-02-05 11:08:55,348 - INFO - Stopped ingesting - statistics:
2025-02-05 11:08:55,348 - INFO - Time taken: 182.34 s
2025-02-05 11:08:55,348 - INFO - Number of Kafka messages received: 40281
2025-02-05 11:08:55,348 - INFO - Rows succesfully inserted: 40194
2025-02-05 11:08:55,348 - INFO - Rows succesfully inserted / s: 220.43047689986287
2025-02-05 11:08:55,348 - INFO - Number of Cassandra errors: 87
2025-02-05 11:08:55,348 - INFO - Number of Kafka errors: 0
2025-02-05 11:08:55,348 - INFO - ------------------------------------------------
2025-02-05 11:08:55,358 - INFO - Stopped ingesting - statistics:
2025-02-05 11:08:55,358 - INFO - Time taken: 182.39 s
2025-02-05 11:08:55,358 - INFO - Number of Kafka messages received: 19715
2025-02-05 11:08:55,358 - INFO - Rows succesfully inserted: 19672
2025-02-05 11:08:55,358 - INFO - Rows succesfully inserted / s: 107.85468878463537
2025-02-05 11:08:55,358 - INFO - Number of Cassandra errors: 43
2025-02-05 11:08:55,358 - INFO - Number of Kafka errors: 0
2025-02-05 11:08:55,358 - INFO - ------------------------------------------------
2025-02-05 11:08:55,363 - INFO - Stopped ingesting - statistics:
2025-02-05 11:08:55,363 - INFO - Time taken: 182.40 s
2025-02-05 11:08:55,363 - INFO - Number of Kafka messages received: 19715
2025-02-05 11:08:55,363 - INFO - Rows succesfully inserted: 19672
2025-02-05 11:08:55,363 - INFO - Rows succesfully inserted / s: 107.85154183297712
2025-02-05 11:08:55,363 - INFO - Number of Cassandra errors: 43
2025-02-05 11:08:55,363 - INFO - Number of Kafka errors: 0
2025-02-05 11:08:55,363 - INFO - ------------------------------------------------
2025-02-05 11:08:55,371 - INFO - Stopped ingesting - statistics:
2025-02-05 11:08:55,371 - INFO - Time taken: 182.54 s
2025-02-05 11:08:55,371 - INFO - Number of Kafka messages received: 39913
2025-02-05 11:08:55,371 - INFO - Rows succesfully inserted: 39828
2025-02-05 11:08:55,371 - INFO - Rows succesfully inserted / s: 218.1917261395075
2025-02-05 11:08:55,371 - INFO - Number of Cassandra errors: 85
2025-02-05 11:08:55,371 - INFO - Number of Kafka errors: 0
2025-02-05 11:08:55,371 - INFO - ------------------------------------------------
2025-02-05 11:08:55,376 - INFO - Stopped ingesting - statistics:
2025-02-05 11:08:55,376 - INFO - Time taken: 182.54 s
2025-02-05 11:08:55,376 - INFO - Number of Kafka messages received: 39913
2025-02-05 11:08:55,376 - INFO - Rows succesfully inserted: 39828
2025-02-05 11:08:55,377 - INFO - Rows succesfully inserted / s: 218.18542008436734
2025-02-05 11:08:55,377 - INFO - Number of Cassandra errors: 85
2025-02-05 11:08:55,377 - INFO - Number of Kafka errors: 0
2025-02-05 11:08:55,377 - INFO - ------------------------------------------------
2025-02-05 11:08:55,388 - INFO - Stopped ingesting - statistics:
2025-02-05 11:08:55,388 - INFO - Time taken: 182.42 s
2025-02-05 11:08:55,388 - INFO - Number of Kafka messages received: 39444
2025-02-05 11:08:55,388 - INFO - Rows succesfully inserted: 39356
2025-02-05 11:08:55,388 - INFO - Rows succesfully inserted / s: 215.744994669536
2025-02-05 11:08:55,388 - INFO - Number of Cassandra errors: 88
2025-02-05 11:08:55,388 - INFO - Number of Kafka errors: 0
2025-02-05 11:08:55,388 - INFO - ------------------------------------------------
2025-02-05 11:08:55,393 - INFO - Stopped ingesting - statistics:
2025-02-05 11:08:55,393 - INFO - Time taken: 182.42 s
2025-02-05 11:08:55,393 - INFO - Number of Kafka messages received: 39444
2025-02-05 11:08:55,393 - INFO - Rows succesfully inserted: 39356
2025-02-05 11:08:55,393 - INFO - Rows succesfully inserted / s: 215.73888839182837
2025-02-05 11:08:55,393 - INFO - Number of Cassandra errors: 88
2025-02-05 11:08:55,393 - INFO - Number of Kafka errors: 0
2025-02-05 11:08:55,393 - INFO - ------------------------------------------------
2025-02-05 11:08:55,402 - INFO - Stopped ingesting - statistics:
2025-02-05 11:08:55,403 - INFO - Time taken: 182.45 s
2025-02-05 11:08:55,403 - INFO - Number of Kafka messages received: 19916
2025-02-05 11:08:55,403 - INFO - Rows succesfully inserted: 19890
2025-02-05 11:08:55,403 - INFO - Rows succesfully inserted / s: 109.01632976277081
2025-02-05 11:08:55,403 - INFO - Number of Cassandra errors: 26
2025-02-05 11:08:55,403 - INFO - Number of Kafka errors: 0
2025-02-05 11:08:55,403 - INFO - ------------------------------------------------
2025-02-05 11:08:55,408 - INFO - Stopped ingesting - statistics:
2025-02-05 11:08:55,409 - INFO - Time taken: 182.46 s
2025-02-05 11:08:55,409 - INFO - Number of Kafka messages received: 19916
2025-02-05 11:08:55,409 - INFO - Rows succesfully inserted: 19890
2025-02-05 11:08:55,409 - INFO - Rows succesfully inserted / s: 109.01274662141358
2025-02-05 11:08:55,409 - INFO - Number of Cassandra errors: 26
2025-02-05 11:08:55,409 - INFO - Number of Kafka errors: 0
2025-02-05 11:08:55,409 - INFO - ------------------------------------------------
